
 RUN  v3.0.9 C:/Users/macab/Desktop/WATSOLUTION/watsolution_web/client/src

Browserslist: browsers data (caniuse-lite) is 6 months old. Please run:
  npx update-browserslist-db@latest
  Why you should do it regularly: https://github.com/browserslist/update-db#readme
 ❯ app/core/chatbot/chatbot.spec.ts (6 tests | 6 failed) 66ms
   × Chat session isolation (T-007 / WS-006) > clears messages, draft and panel on account change 30ms
     → expected true to be false // Object.is equality
   × Chat session isolation (T-007 / WS-006) > clears the chat even when logout and same-account login happen in the same tick 6ms
     → expected true to be false // Object.is equality
   × Chat session isolation (T-007 / WS-006) > discards late resolve from the previous account without unlocking a new request 11ms
     → Unable to get textarea within: <div data-v-aa43ee7a="" class="cb-root">
  <!-- Panel -->
  <!--v-if-->
  <!-- Trigger button --><button data-v-aa43ee7a="" class="cb-trigger" aria-label="Abrir asistente"><svg data-v-aa43ee7a="" xmlns="http://www.w3.org/2000/svg" width="24" height="24" fill="none" viewBox="0 0 24 24" stroke="currentColor">
      <path data-v-aa43ee7a="" stroke-linecap="round" stroke-linejoin="round" stroke-width="2" d="M8 10h.01M12 10h.01M16 10h.01M9 16H5a2 2 0 01-2-2V6a2 2 0 012-2h14a2 2 0 012 2v8a2 2 0 01-2 2h-5l-5 5v-5z"></path>
    </svg></button>
</div>
   × Chat session isolation (T-007 / WS-006) > discards late reject from the previous account without unlocking a new request 5ms
     → Unable to get textarea within: <div data-v-aa43ee7a="" class="cb-root">
  <!-- Panel -->
  <!--v-if-->
  <!-- Trigger button --><button data-v-aa43ee7a="" class="cb-trigger" aria-label="Abrir asistente"><svg data-v-aa43ee7a="" xmlns="http://www.w3.org/2000/svg" width="24" height="24" fill="none" viewBox="0 0 24 24" stroke="currentColor">
      <path data-v-aa43ee7a="" stroke-linecap="round" stroke-linejoin="round" stroke-width="2" d="M8 10h.01M12 10h.01M16 10h.01M9 16H5a2 2 0 01-2-2V6a2 2 0 012-2h14a2 2 0 012 2v8a2 2 0 01-2 2h-5l-5 5v-5z"></path>
    </svg></button>
</div>
   × Chat session isolation (T-007 / WS-006) > clears data when permissions change for the same account 4ms
     → expected true to be false // Object.is equality
   × Chat session isolation (T-007 / WS-006) > aborts pending work when unmounted 7ms
     → expected undefined to be true // Object.is equality

⎯⎯⎯⎯⎯⎯⎯ Failed Tests 6 ⎯⎯⎯⎯⎯⎯⎯

 FAIL  app/core/chatbot/chatbot.spec.ts > Chat session isolation (T-007 / WS-006) > clears messages, draft and panel on account change
AssertionError: expected true to be false // Object.is equality

- Expected
+ Received

- false
+ true

 ❯ app/core/chatbot/chatbot.spec.ts:39:48

     37|     await wrapper.get('textarea').setValue('Borrador privado');
     38|     await changeAccount();
     39|     expect(wrapper.find('.cb-panel').exists()).toBe(false);
       |                                                ^
     40|     await openChat();
     41|     expect(wrapper.text()).not.toContain('privad');
 Test Files  1 failed (1)
      Tests  6 failed (6)
   Start at  02:12:47
   Duration  1.37s (transform 149ms, setup 209ms, collect 160ms, tests 66ms, environment 388ms, prepare 280ms)

SonarQube report written to C:\Users\macab\Desktop\WATSOLUTION\watsolution_web\tmp\test-results\TESTS-results-vitest.xml

⎯⎯⎯⎯⎯⎯⎯⎯⎯⎯⎯⎯⎯⎯⎯⎯⎯⎯⎯⎯⎯⎯⎯⎯[1/6]⎯

 FAIL  app/core/chatbot/chatbot.spec.ts > Chat session isolation (T-007 / WS-006) > clears the chat even when logout and same-account login happen in the same tick
AssertionError: expected true to be false // Object.is equality

- Expected
+ Received

- false
+ true

 ❯ app/core/chatbot/chatbot.spec.ts:51:48
     49|     store.setAuthentication({ id: 1, login: 'admin', authorities: ['RO…
     50|     await nextTick();
     51|     expect(wrapper.find('.cb-panel').exists()).toBe(false);
       |                                                ^
     52|     await openChat();
     53|     expect(wrapper.text()).not.toContain('Dato privado A');

⎯⎯⎯⎯⎯⎯⎯⎯⎯⎯⎯⎯⎯⎯⎯⎯⎯⎯⎯⎯⎯⎯⎯⎯[2/6]⎯

 FAIL  app/core/chatbot/chatbot.spec.ts > Chat session isolation (T-007 / WS-006) > discards late resolve from the previous account without unlocking a new request
 FAIL  app/core/chatbot/chatbot.spec.ts > Chat session isolation (T-007 / WS-006) > discards late reject from the previous account without unlocking a new request
Error: Unable to get textarea within: <div data-v-aa43ee7a="" class="cb-root">
  <!-- Panel -->
  <!--v-if-->
  <!-- Trigger button --><button data-v-aa43ee7a="" class="cb-trigger" aria-label="Abrir asistente"><svg data-v-aa43ee7a="" xmlns="http://www.w3.org/2000/svg" width="24" height="24" fill="none" viewBox="0 0 24 24" stroke="currentColor">
      <path data-v-aa43ee7a="" stroke-linecap="round" stroke-linejoin="round" stroke-width="2" d="M8 10h.01M12 10h.01M16 10h.01M9 16H5a2 2 0 01-2-2V6a2 2 0 012-2h14a2 2 0 012 2v8a2 2 0 01-2 2h-5l-5 5v-5z"></path>
    </svg></button>
</div>
 ❯ VueWrapper.BaseWrapper.get ../../node_modules/@vue/test-utils/dist/vue-test-utils.cjs.js:7279:15
    7277|             return result;
    7278|         }
    7279|         throw new Error("Unable to get ".concat(selector, " within: ")…
       |               ^
    7280|     };
    7281|     BaseWrapper.prototype.getComponent = function (selector) {
 ❯ send app/core/chatbot/chatbot.spec.ts:26:19
 ❯ app/core/chatbot/chatbot.spec.ts:64:11

⎯⎯⎯⎯⎯⎯⎯⎯⎯⎯⎯⎯⎯⎯⎯⎯⎯⎯⎯⎯⎯⎯⎯⎯[3/6]⎯

 FAIL  app/core/chatbot/chatbot.spec.ts > Chat session isolation (T-007 / WS-006) > clears data when permissions change for the same account
AssertionError: expected true to be false // Object.is equality

- Expected
+ Received

- false
+ true

 ❯ app/core/chatbot/chatbot.spec.ts:82:48
     80|     store.userIdentity.authorities = ['ROLE_USER'];
     81|     await nextTick();
     82|     expect(wrapper.find('.cb-panel').exists()).toBe(false);
       |                                                ^
     83|   });
     84| 

⎯⎯⎯⎯⎯⎯⎯⎯⎯⎯⎯⎯⎯⎯⎯⎯⎯⎯⎯⎯⎯⎯⎯⎯[4/6]⎯

 FAIL  app/core/chatbot/chatbot.spec.ts > Chat session isolation (T-007 / WS-006) > aborts pending work when unmounted
AssertionError: expected undefined to be true // Object.is equality

- Expected: 
true

+ Received: 
undefined

 ❯ app/core/chatbot/chatbot.spec.ts:90:29
     88|     const signal = post.mock.calls[0][2]?.signal;
     89|     wrapper.unmount();
     90|     expect(signal?.aborted).toBe(true);
       |                             ^
     91|   });
     92| });

⎯⎯⎯⎯⎯⎯⎯⎯⎯⎯⎯⎯⎯⎯⎯⎯⎯⎯⎯⎯⎯⎯⎯⎯[5/6]⎯

