
 RUN  v3.0.9 C:/Users/macab/Desktop/WATSOLUTION/watsolution_web/client/src

2:17:13 a.m. [vite] (client) warning: <span> cannot be child of <table>, according to HTML specifications. This can cause hydration errors or potentially disrupt future functionality.
107|            </tr>
108|          </tbody>
109|          <span ref="infiniteScrollEl"></span>
   |          ^^^^^^^^^^^^^^^^^^^^^^^^^^^^^^^^^^^^
110|        </table>
111|      </div>
  Plugin: vite:vue
  File: C:/Users/macab/Desktop/WATSOLUTION/watsolution_web/client/src/app/entities/meter/meter.vue
2:17:13 a.m. [vite] (client) warning: <span> cannot be child of <table>, according to HTML specifications. This can cause hydration errors or potentially disrupt future functionality.
108|            </tr>
109|          </tbody>
110|          <span ref="infiniteScrollEl"></span>
   |          ^^^^^^^^^^^^^^^^^^^^^^^^^^^^^^^^^^^^
111|        </table>
112|      </div>
  Plugin: vite:vue
  File: C:/Users/macab/Desktop/WATSOLUTION/watsolution_web/client/src/app/entities/person/person.vue
 ✓ app/shared/alert/alert.service.spec.ts (6 tests) 16ms
 ✓ app/entities/address/address.service.spec.ts (12 tests) 12ms
Browserslist: browsers data (caniuse-lite) is 6 months old. Please run:
  npx update-browserslist-db@latest
  Why you should do it regularly: https://github.com/browserslist/update-db#readme
 ✓ app/entities/person/person.service.spec.ts (12 tests) 18ms
 ✓ app/entities/meter/meter.service.spec.ts (12 tests) 22ms
 ✓ app/entities/invoice/invoice.service.spec.ts (12 tests) 20ms
 ✓ app/entities/address/address-update.component.spec.ts (4 tests) 95ms
 ✓ app/admin/user-management/user-management-edit.component.spec.ts (4 tests) 149ms
 ✓ app/account/register/register.component.spec.ts (6 tests) 170ms
 ✓ app/core/chatbot/chatbot.spec.ts (7 tests) 191ms
 ✓ app/entities/person/person.component.spec.ts (6 tests) 204ms
 ✓ app/entities/invoice/invoice.component.spec.ts (7 tests) 205ms
 ✓ app/entities/meter/meter.component.spec.ts (6 tests) 180ms
 ✓ app/entities/person/person-update.component.spec.ts (6 tests) 251ms
 ✓ app/entities/meter/meter-update.component.spec.ts (6 tests) 256ms
 ✓ app/entities/invoice/invoice-update.component.spec.ts (6 tests) 267ms
 ✓ app/account/account.service.spec.ts (7 tests) 21ms
 ✓ app/shared/data/data-utils.service.spec.ts (14 tests) 16ms
 ✓ app/account/login-form/login-form.component.spec.ts (3 tests) 47ms
 ✓ app/entities/address/address.component.spec.ts (2 tests) 65ms
 ✓ app/admin/user-management/user-management.component.spec.ts (4 tests) 95ms
 ✓ app/core/error/error.component.spec.ts (4 tests) 39ms
 ✓ app/entities/address/address-details.component.spec.ts (2 tests) 53ms
 ✓ app/shared/config/axios-interceptor.spec.ts (4 tests) 27ms
 ✓ app/entities/invoice/invoice-details.component.spec.ts (2 tests) 55ms
 ✓ app/entities/person/person-details.component.spec.ts (2 tests) 49ms
 ✓ app/admin/user-management/user-management-view.component.spec.ts (1 test) 41ms
 ✓ app/entities/meter/meter-details.component.spec.ts (2 tests) 57ms
 ✓ app/account/settings/settings.component.spec.ts (5 tests) 81ms
 ✓ app/account/change-password/change-password.component.spec.ts (3 tests) 118ms
stderr | app/core/jhi-navbar/jhi-navbar.component.spec.ts > JhiNavbar > should not have user data set
[Vue warn]: Failed to resolve component: b-dropdown-divider
If this is a native custom element, make sure to exclude it from component resolution via compilerOptions.isCustomElement. 
  at <JhiNavbar ref="VTU_COMPONENT" > 
  at <VTUROOT>

stderr | app/core/jhi-navbar/jhi-navbar.component.spec.ts > JhiNavbar > should not have user data set
[Vue warn]: Failed to resolve component: b-dropdown-divider
If this is a native custom element, make sure to exclude it from component resolution via compilerOptions.isCustomElement. 
  at <JhiNavbar ref="VTU_COMPONENT" > 
  at <VTUROOT>

stderr | app/core/jhi-navbar/jhi-navbar.component.spec.ts > JhiNavbar > should have user data set after authentication
[Vue warn]: Failed to resolve component: b-dropdown-divider
If this is a native custom element, make sure to exclude it from component resolution via compilerOptions.isCustomElement. 
  at <JhiNavbar ref="VTU_COMPONENT" > 
  at <VTUROOT>

stderr | app/core/jhi-navbar/jhi-navbar.component.spec.ts > JhiNavbar > should have user data set after authentication
[Vue warn]: Failed to resolve component: b-dropdown-divider
If this is a native custom element, make sure to exclude it from component resolution via compilerOptions.isCustomElement. 
  at <JhiNavbar ref="VTU_COMPONENT" > 
  at <VTUROOT>

stderr | app/core/jhi-navbar/jhi-navbar.component.spec.ts > JhiNavbar > should have user data set after authentication
[Vue warn]: Failed to resolve component: b-dropdown-divider
If this is a native custom element, make sure to exclude it from component resolution via compilerOptions.isCustomElement. 
  at <JhiNavbar ref="VTU_COMPONENT" > 
  at <VTUROOT>
[Vue warn]: Failed to resolve component: b-dropdown-divider
If this is a native custom element, make sure to exclude it from component resolution via compilerOptions.isCustomElement. 
  at <JhiNavbar ref="VTU_COMPONENT" > 
  at <VTUROOT>

stderr | app/core/jhi-navbar/jhi-navbar.component.spec.ts > JhiNavbar > should have profile info set after info retrieved
[Vue warn]: Failed to resolve component: b-dropdown-divider
If this is a native custom element, make sure to exclude it from component resolution via compilerOptions.isCustomElement. 
  at <JhiNavbar ref="VTU_COMPONENT" > 
  at <VTUROOT>

stderr | app/core/jhi-navbar/jhi-navbar.component.spec.ts > JhiNavbar > should have profile info set after info retrieved
[Vue warn]: Failed to resolve component: b-dropdown-divider
If this is a native custom element, make sure to exclude it from component resolution via compilerOptions.isCustomElement. 
  at <JhiNavbar ref="VTU_COMPONENT" > 
  at <VTUROOT>

stderr | app/core/jhi-navbar/jhi-navbar.component.spec.ts > JhiNavbar > should use login service
[Vue warn]: Failed to resolve component: b-dropdown-divider
If this is a native custom element, make sure to exclude it from component resolution via compilerOptions.isCustomElement. 
  at <JhiNavbar ref="VTU_COMPONENT" > 
  at <VTUROOT>

stderr | app/core/jhi-navbar/jhi-navbar.component.spec.ts > JhiNavbar > should use login service
[Vue warn]: Failed to resolve component: b-dropdown-divider
If this is a native custom element, make sure to exclude it from component resolution via compilerOptions.isCustomElement. 
  at <JhiNavbar ref="VTU_COMPONENT" > 
  at <VTUROOT>

stderr | app/core/jhi-navbar/jhi-navbar.component.spec.ts > JhiNavbar > should use account service
[Vue warn]: Failed to resolve component: b-dropdown-divider
If this is a native custom element, make sure to exclude it from component resolution via compilerOptions.isCustomElement. 
  at <JhiNavbar ref="VTU_COMPONENT" > 
  at <VTUROOT>

stderr | app/core/jhi-navbar/jhi-navbar.component.spec.ts > JhiNavbar > should use account service
[Vue warn]: Failed to resolve component: b-dropdown-divider
If this is a native custom element, make sure to exclude it from component resolution via compilerOptions.isCustomElement. 
  at <JhiNavbar ref="VTU_COMPONENT" > 
  at <VTUROOT>

stderr | app/core/jhi-navbar/jhi-navbar.component.spec.ts > JhiNavbar > should use account service
[Vue warn]: Failed to resolve component: b-dropdown-divider
If this is a native custom element, make sure to exclude it from component resolution via compilerOptions.isCustomElement. 
  at <JhiNavbar ref="VTU_COMPONENT" > 
  at <VTUROOT>

stderr | app/core/jhi-navbar/jhi-navbar.component.spec.ts > JhiNavbar > logout should clear credentials
[Vue warn]: Failed to resolve component: b-dropdown-divider
If this is a native custom element, make sure to exclude it from component resolution via compilerOptions.isCustomElement. 
  at <JhiNavbar ref="VTU_COMPONENT" > 
  at <VTUROOT>

stderr | app/core/jhi-navbar/jhi-navbar.component.spec.ts > JhiNavbar > logout should clear credentials
[Vue warn]: Failed to resolve component: b-dropdown-divider
If this is a native custom element, make sure to exclude it from component resolution via compilerOptions.isCustomElement. 
  at <JhiNavbar ref="VTU_COMPONENT" > 
  at <VTUROOT>

stderr | app/core/jhi-navbar/jhi-navbar.component.spec.ts > JhiNavbar > logout should clear credentials
[Vue warn]: Failed to resolve component: b-dropdown-divider
If this is a native custom element, make sure to exclude it from component resolution via compilerOptions.isCustomElement. 
  at <JhiNavbar ref="VTU_COMPONENT" > 
  at <VTUROOT>
[Vue warn]: Failed to resolve component: b-dropdown-divider
If this is a native custom element, make sure to exclude it from component resolution via compilerOptions.isCustomElement. 
  at <JhiNavbar ref="VTU_COMPONENT" > 
  at <VTUROOT>
[Vue warn]: Failed to resolve component: b-dropdown-divider
If this is a native custom element, make sure to exclude it from component resolution via compilerOptions.isCustomElement. 
  at <JhiNavbar ref="VTU_COMPONENT" > 
  at <VTUROOT>
[Vue warn]: Failed to resolve component: b-dropdown-divider
If this is a native custom element, make sure to exclude it from component resolution via compilerOptions.isCustomElement. 
  at <JhiNavbar ref="VTU_COMPONENT" > 
  at <VTUROOT>
[Vue warn]: Failed to resolve component: b-dropdown-divider
If this is a native custom element, make sure to exclude it from component resolution via compilerOptions.isCustomElement. 
  at <JhiNavbar ref="VTU_COMPONENT" > 
  at <VTUROOT>
[Vue warn]: Failed to resolve component: b-dropdown-divider
If this is a native custom element, make sure to exclude it from component resolution via compilerOptions.isCustomElement. 
  at <JhiNavbar ref="VTU_COMPONENT" > 
  at <VTUROOT>

stderr | app/core/jhi-navbar/jhi-navbar.component.spec.ts > JhiNavbar > should determine active route
[Vue warn]: Failed to resolve component: b-dropdown-divider
If this is a native custom element, make sure to exclude it from component resolution via compilerOptions.isCustomElement. 
  at <JhiNavbar ref="VTU_COMPONENT" > 
  at <VTUROOT>

stderr | app/core/jhi-navbar/jhi-navbar.component.spec.ts > JhiNavbar > should determine active route
[Vue warn]: Failed to resolve component: b-dropdown-divider
If this is a native custom element, make sure to exclude it from component resolution via compilerOptions.isCustomElement. 
  at <JhiNavbar ref="VTU_COMPONENT" > 
  at <VTUROOT>

stderr | app/core/jhi-navbar/jhi-navbar.component.spec.ts > JhiNavbar > should determine active route
[Vue Router warn]: No match found for location with path "/toto"

stderr | app/core/jhi-navbar/jhi-navbar.component.spec.ts > JhiNavbar > should call translationService when changing language
[Vue Router warn]: No match found for location with path "/toto"
[Vue warn]: Failed to resolve component: b-dropdown-divider
If this is a native custom element, make sure to exclude it from component resolution via compilerOptions.isCustomElement. 
  at <JhiNavbar ref="VTU_COMPONENT" > 
  at <VTUROOT>

stderr | app/core/jhi-navbar/jhi-navbar.component.spec.ts > JhiNavbar > should call translationService when changing language
[Vue warn]: Failed to resolve component: b-dropdown-divider
If this is a native custom element, make sure to exclude it from component resolution via compilerOptions.isCustomElement. 
  at <JhiNavbar ref="VTU_COMPONENT" > 
  at <VTUROOT>

stderr | app/core/jhi-navbar/jhi-navbar.component.spec.ts > JhiNavbar > should check for correct language
[Vue Router warn]: No match found for location with path "/toto"
[Vue warn]: Failed to resolve component: b-dropdown-divider
If this is a native custom element, make sure to exclude it from component resolution via compilerOptions.isCustomElement. 
  at <JhiNavbar ref="VTU_COMPONENT" > 
  at <VTUROOT>

stderr | app/core/jhi-navbar/jhi-navbar.component.spec.ts > JhiNavbar > should check for correct language
[Vue warn]: Failed to resolve component: b-dropdown-divider
If this is a native custom element, make sure to exclude it from component resolution via compilerOptions.isCustomElement. 
  at <JhiNavbar ref="VTU_COMPONENT" > 
  at <VTUROOT>

 ✓ app/core/jhi-navbar/jhi-navbar.component.spec.ts (9 tests) 197ms
 ✓ app/account/activate/activate.component.spec.ts (2 tests) 40ms
stderr | app/account/account-html.spec.ts > Account names are text (T-012 / WS-011) > does not create HTML elements in settings title
[Vue warn]: Component "i18n-t" has already been registered in target app.
[Vue warn]: Component "I18nT" has already been registered in target app.
[Vue warn]: Component "i18n-n" has already been registered in target app.
[Vue warn]: Component "I18nN" has already been registered in target app.
[Vue warn]: Component "i18n-d" has already been registered in target app.
[Vue warn]: Component "I18nD" has already been registered in target app.
[Vue warn]: Directive "t" has already been registered in target app.

stderr | app/account/account-html.spec.ts > Account names are text (T-012 / WS-011) > does not create HTML elements in password title
[Vue warn]: Component "i18n-t" has already been registered in target app.
[Vue warn]: Component "I18nT" has already been registered in target app.
[Vue warn]: Component "i18n-n" has already been registered in target app.
[Vue warn]: Component "I18nN" has already been registered in target app.
[Vue warn]: Component "i18n-d" has already been registered in target app.
[Vue warn]: Component "I18nD" has already been registered in target app.
[Vue warn]: Directive "t" has already been registered in target app.

 ✓ app/account/account-html.spec.ts (2 tests) 65ms
 ✓ app/account/reset-password/finish/reset-password-finish.component.spec.ts (2 tests) 44ms
 ✓ app/shared/config/web-session.spec.ts (2 tests) 11ms
 ✓ app/shared/sort/sorts.spec.ts (1 test) 5ms
 ✓ app/core/home/home.component.spec.ts (1 test) 46ms
 ✓ app/account/reset-password/init/reset-password-init.component.spec.ts (2 tests) 41ms
 ✓ app/core/ribbon/ribbon.component.spec.ts (3 tests) 33ms

 Test Files  38 passed (38)
      Tests  191 passed (191)
   Start at  02:17:10
   Duration  7.09s (transform 5.32s, setup 17.22s, collect 14.34s, tests 3.30s, environment 34.90s, prepare 9.05s)

SonarQube report written to C:\Users\macab\Desktop\WATSOLUTION\watsolution_web\tmp\test-results\TESTS-results-vitest.xml
