[Nest] 32884  - 05/10/2026, 2:17:11 a. m.     LOG [Config] Actual process.env.BACKEND_ENV value: test
PASS server/src/service/invoice-pdf-isolation.spec.ts (6.847 s)
[Nest] 32884  - 05/10/2026, 2:17:11 a. m.     LOG [Config] Standard allowed values are: dev, test or prod
[Nest] 32884  - 05/10/2026, 2:17:11 a. m.     LOG [Config] if you run with a non standard BACKEND_ENV value, remember to add your application-{process.env.BACKEND_ENV}.yml file
[Nest] 32884  - 05/10/2026, 2:17:13 a. m.     LOG [Config] Actual process.env.BACKEND_ENV value: test
[Nest] 32884  - 05/10/2026, 2:17:13 a. m.     LOG [Config] Standard allowed values are: dev, test or prod
[Nest] 32884  - 05/10/2026, 2:17:13 a. m.     LOG [Config] if you run with a non standard BACKEND_ENV value, remember to add your application-{process.env.BACKEND_ENV}.yml file
[Nest] 32884  - 05/10/2026, 2:17:13 a. m.     LOG [PortalService] Portal data loaded: invoices=0, consumption=0, status=ACTIVO
[Nest] 32884  - 05/10/2026, 2:17:13 a. m.     LOG [PortalService] Portal data loaded: invoices=0, consumption=0, status=ACTIVO
[Nest] 32884  - 05/10/2026, 2:17:13 a. m.     LOG [PortalService] Portal data loaded: invoices=0, consumption=0, status=ACTIVO
PASS server/src/service/portal.service.spec.ts
[Nest] 32884  - 05/10/2026, 2:17:13 a. m.     LOG [Config] Actual process.env.BACKEND_ENV value: test
[Nest] 32884  - 05/10/2026, 2:17:13 a. m.     LOG [Config] Standard allowed values are: dev, test or prod
[Nest] 32884  - 05/10/2026, 2:17:13 a. m.     LOG [Config] if you run with a non standard BACKEND_ENV value, remember to add your application-{process.env.BACKEND_ENV}.yml file
PASS server/src/security/passport.jwt.strategy.spec.ts
PASS server/src/security/security-baseline.spec.ts
[Nest] 32884  - 05/10/2026, 2:17:14 a. m.     LOG [Config] Actual process.env.BACKEND_ENV value: test
[Nest] 32884  - 05/10/2026, 2:17:14 a. m.     LOG [Config] Standard allowed values are: dev, test or prod
[Nest] 32884  - 05/10/2026, 2:17:14 a. m.     LOG [Config] if you run with a non standard BACKEND_ENV value, remember to add your application-{process.env.BACKEND_ENV}.yml file
PASS server/src/service/privacy.spec.ts
PASS server/src/service/bold.service.spec.ts
PASS server/src/service/mobile.service.spec.ts
PASS server/src/service/billing.service.spec.ts
PASS server/src/service/session.service.spec.ts
PASS server/test/admin/management.controller.spec.ts
PASS server/src/domain/base/pagination.entity.spec.ts

Test Suites: 11 passed, 11 total
Tests:       63 passed, 63 total
Snapshots:   0 total
Time:        13.199 s
Ran all test suites.
