vite v6.2.4 building for production...
transforming...
Browserslist: browsers data (caniuse-lite) is 6 months old. Please run:
  npx update-browserslist-db@latest
  Why you should do it regularly: https://github.com/browserslist/update-db#readme
../node_modules/bootstrap-vue/esm/index.js (23:19): A comment

"/*#__PURE__*/"

in "../node_modules/bootstrap-vue/esm/index.js" contains an annotation that Rollup cannot interpret due to the position of the comment. The comment will be removed to avoid issues.
✓ 2626 modules transformed.
rendering chunks...
warnings when minifying css:
▲ [WARNING] Cannot use type selector "__title" directly after nesting selector "&" [css-syntax-error]

    <stdin>:1468:1:
      1468 │ &__title[data-v-fae2b458] {
           │  ~~~~~~~~~~~~~~~~~~~~~~~~
           ╵  :is(__title[data-v-fae2b458])

  CSS nesting syntax does not allow the "&" selector to come before a type selector. You can wrap this selector in ":is(...)" as a workaround. This restriction exists to avoid problems with SASS nesting, where the same syntax means something very different that has no equivalent in real CSS (appending a suffix to the parent selector).


▲ [WARNING] Cannot use type selector "__sub" directly after nesting selector "&" [css-syntax-error]

    <stdin>:1474:1:
      1474 │ &__sub[data-v-fae2b458] {
           │  ~~~~~~~~~~~~~~~~~~~~~~
           ╵  :is(__sub[data-v-fae2b458])

  CSS nesting syntax does not allow the "&" selector to come before a type selector. You can wrap this selector in ":is(...)" as a workaround. This restriction exists to avoid problems with SASS nesting, where the same syntax means something very different that has no equivalent in real CSS (appending a suffix to the parent selector).


▲ [WARNING] Cannot use type selector "__empty" directly after nesting selector "&" [css-syntax-error]

    <stdin>:1479:1:
      1479 │ &__empty[data-v-fae2b458] {
           │  ~~~~~~~~~~~~~~~~~~~~~~~~
           ╵  :is(__empty[data-v-fae2b458])

  CSS nesting syntax does not allow the "&" selector to come before a type selector. You can wrap this selector in ":is(...)" as a workaround. This restriction exists to avoid problems with SASS nesting, where the same syntax means something very different that has no equivalent in real CSS (appending a suffix to the parent selector).


▲ [WARNING] Cannot use type selector "__list" directly after nesting selector "&" [css-syntax-error]

    <stdin>:1495:1:
      1495 │ &__list[data-v-fae2b458] {
           │  ~~~~~~~~~~~~~~~~~~~~~~~
           ╵  :is(__list[data-v-fae2b458])

  CSS nesting syntax does not allow the "&" selector to come before a type selector. You can wrap this selector in ":is(...)" as a workaround. This restriction exists to avoid problems with SASS nesting, where the same syntax means something very different that has no equivalent in real CSS (appending a suffix to the parent selector).


▲ [WARNING] Cannot use type selector "__item" directly after nesting selector "&" [css-syntax-error]

    <stdin>:1508:1:
      1508 │ &__item {
           │  ~~~~~~
           ╵  :is(__item)

  CSS nesting syntax does not allow the "&" selector to come before a type selector. You can wrap this selector in ":is(...)" as a workaround. This restriction exists to avoid problems with SASS nesting, where the same syntax means something very different that has no equivalent in real CSS (appending a suffix to the parent selector).


▲ [WARNING] Cannot use type selector "--unread" directly after nesting selector "&" [css-syntax-error]

    <stdin>:1528:1:
      1528 │ &--unread[data-v-fae2b458] { background: #fff8f0;
           │  ~~~~~~~~~~~~~~~~~~~~~~~~~
           ╵  :is(--unread[data-v-fae2b458])

  CSS nesting syntax does not allow the "&" selector to come before a type selector. You can wrap this selector in ":is(...)" as a workaround. This restriction exists to avoid problems with SASS nesting, where the same syntax means something very different that has no equivalent in real CSS (appending a suffix to the parent selector).


▲ [WARNING] Cannot use type selector "__icon" directly after nesting selector "&" [css-syntax-error]

    <stdin>:1531:1:
      1531 │ &__icon[data-v-fae2b458] {
           │  ~~~~~~~~~~~~~~~~~~~~~~~
           ╵  :is(__icon[data-v-fae2b458])

  CSS nesting syntax does not allow the "&" selector to come before a type selector. You can wrap this selector in ":is(...)" as a workaround. This restriction exists to avoid problems with SASS nesting, where the same syntax means something very different that has no equivalent in real CSS (appending a suffix to the parent selector).


▲ [WARNING] Cannot use type selector "__body" directly after nesting selector "&" [css-syntax-error]

    <stdin>:1537:1:
      1537 │ &__body[data-v-fae2b458] {
           │  ~~~~~~~~~~~~~~~~~~~~~~~
           ╵  :is(__body[data-v-fae2b458])

  CSS nesting syntax does not allow the "&" selector to come before a type selector. You can wrap this selector in ":is(...)" as a workaround. This restriction exists to avoid problems with SASS nesting, where the same syntax means something very different that has no equivalent in real CSS (appending a suffix to the parent selector).


▲ [WARNING] Cannot use type selector "__row" directly after nesting selector "&" [css-syntax-error]

    <stdin>:1543:1:
      1543 │ &__row[data-v-fae2b458] {
           │  ~~~~~~~~~~~~~~~~~~~~~~
           ╵  :is(__row[data-v-fae2b458])

  CSS nesting syntax does not allow the "&" selector to come before a type selector. You can wrap this selector in ":is(...)" as a workaround. This restriction exists to avoid problems with SASS nesting, where the same syntax means something very different that has no equivalent in real CSS (appending a suffix to the parent selector).


▲ [WARNING] Cannot use type selector "__item-title" directly after nesting selector "&" [css-syntax-error]

    <stdin>:1555:1:
      1555 │ &__item-title[data-v-fae2b458] {
           │  ~~~~~~~~~~~~~~~~~~~~~~~~~~~~~
           ╵  :is(__item-title[data-v-fae2b458])

  CSS nesting syntax does not allow the "&" selector to come before a type selector. You can wrap this selector in ":is(...)" as a workaround. This restriction exists to avoid problems with SASS nesting, where the same syntax means something very different that has no equivalent in real CSS (appending a suffix to the parent selector).


▲ [WARNING] Cannot use type selector "__badge" directly after nesting selector "&" [css-syntax-error]

    <stdin>:1560:1:
      1560 │ &__badge {
           │  ~~~~~~~
           ╵  :is(__badge)

  CSS nesting syntax does not allow the "&" selector to come before a type selector. You can wrap this selector in ":is(...)" as a workaround. This restriction exists to avoid problems with SASS nesting, where the same syntax means something very different that has no equivalent in real CSS (appending a suffix to the parent selector).


▲ [WARNING] Cannot use type selector "--paid" directly after nesting selector "&" [css-syntax-error]

    <stdin>:1569:1:
      1569 │ &--paid[data-v-fae2b458] { background: #d1fae5; color: #065f46;
           │  ~~~~~~~~~~~~~~~~~~~~~~~
           ╵  :is(--paid[data-v-fae2b458])

  CSS nesting syntax does not allow the "&" selector to come before a type selector. You can wrap this selector in ":is(...)" as a workaround. This restriction exists to avoid problems with SASS nesting, where the same syntax means something very different that has no equivalent in real CSS (appending a suffix to the parent selector).


▲ [WARNING] Cannot use type selector "--overdue" directly after nesting selector "&" [css-syntax-error]

    <stdin>:1571:1:
      1571 │ &--overdue[data-v-fae2b458] { background: #fee2e2; color: #991b1b;
           │  ~~~~~~~~~~~~~~~~~~~~~~~~~~
           ╵  :is(--overdue[data-v-fae2b458])

  CSS nesting syntax does not allow the "&" selector to come before a type selector. You can wrap this selector in ":is(...)" as a workaround. This restriction exists to avoid problems with SASS nesting, where the same syntax means something very different that has no equivalent in real CSS (appending a suffix to the parent selector).


▲ [WARNING] Cannot use type selector "--due_soon" directly after nesting selector "&" [css-syntax-error]

    <stdin>:1573:1:
      1573 │ &--due_soon[data-v-fae2b458] { background: #fef3c7; color: #92400e;
           │  ~~~~~~~~~~~~~~~~~~~~~~~~~~~
           ╵  :is(--due_soon[data-v-fae2b458])

  CSS nesting syntax does not allow the "&" selector to come before a type selector. You can wrap this selector in ":is(...)" as a workaround. This restriction exists to avoid problems with SASS nesting, where the same syntax means something very different that has no equivalent in real CSS (appending a suffix to the parent selector).


▲ [WARNING] Cannot use type selector "--created" directly after nesting selector "&" [css-syntax-error]

    <stdin>:1575:1:
      1575 │ &--created[data-v-fae2b458] { background: #e8f4fd; color: #0077be;
           │  ~~~~~~~~~~~~~~~~~~~~~~~~~~
           ╵  :is(--created[data-v-fae2b458])

  CSS nesting syntax does not allow the "&" selector to come before a type selector. You can wrap this selector in ":is(...)" as a workaround. This restriction exists to avoid problems with SASS nesting, where the same syntax means something very different that has no equivalent in real CSS (appending a suffix to the parent selector).


▲ [WARNING] Cannot use type selector "__msg" directly after nesting selector "&" [css-syntax-error]

    <stdin>:1578:1:
      1578 │ &__msg[data-v-fae2b458] {
           │  ~~~~~~~~~~~~~~~~~~~~~~
           ╵  :is(__msg[data-v-fae2b458])

  CSS nesting syntax does not allow the "&" selector to come before a type selector. You can wrap this selector in ":is(...)" as a workaround. This restriction exists to avoid problems with SASS nesting, where the same syntax means something very different that has no equivalent in real CSS (appending a suffix to the parent selector).


▲ [WARNING] Cannot use type selector "__date" directly after nesting selector "&" [css-syntax-error]

    <stdin>:1587:1:
      1587 │ &__date[data-v-fae2b458] {
           │  ~~~~~~~~~~~~~~~~~~~~~~~
           ╵  :is(__date[data-v-fae2b458])

  CSS nesting syntax does not allow the "&" selector to come before a type selector. You can wrap this selector in ":is(...)" as a workaround. This restriction exists to avoid problems with SASS nesting, where the same syntax means something very different that has no equivalent in real CSS (appending a suffix to the parent selector).


▲ [WARNING] Cannot use type selector "__dot" directly after nesting selector "&" [css-syntax-error]

    <stdin>:1592:1:
      1592 │ &__dot[data-v-fae2b458] {
           │  ~~~~~~~~~~~~~~~~~~~~~~
           ╵  :is(__dot[data-v-fae2b458])

  CSS nesting syntax does not allow the "&" selector to come before a type selector. You can wrap this selector in ":is(...)" as a workaround. This restriction exists to avoid problems with SASS nesting, where the same syntax means something very different that has no equivalent in real CSS (appending a suffix to the parent selector).


computing gzip size...
[vite-plugin-static-copy] Copied 15 items.
../tmp/build-remediation-20261005-lote06/assets/manifest-DSrSUXYs.webapp                 0.79 kB
../tmp/build-remediation-20261005-lote06/assets/favicon-7N5vP5FO.ico                     1.57 kB
../tmp/build-remediation-20261005-lote06/index.html                                      5.37 kB │ gzip:   1.94 kB
../tmp/build-remediation-20261005-lote06/assets/jhipster_family_member_3-Cf8AxSuS.svg   19.10 kB │ gzip:   7.23 kB
../tmp/build-remediation-20261005-lote06/assets/admin-portal-_rXFQvl3.css                1.12 kB │ gzip:   0.42 kB
../tmp/build-remediation-20261005-lote06/assets/invoice-payment-result-DJYJ-VAy.css      4.05 kB │ gzip:   1.10 kB
../tmp/build-remediation-20261005-lote06/assets/centro-noticias-CqAjVD9S.css             4.35 kB │ gzip:   1.19 kB
../tmp/build-remediation-20261005-lote06/assets/admin-panel-ByyKtRCc.css                 6.23 kB │ gzip:   1.27 kB
../tmp/build-remediation-20261005-lote06/assets/pagos-TozssXmJ.css                       7.91 kB │ gzip:   1.54 kB
../tmp/build-remediation-20261005-lote06/assets/login-7RfFdK3h.css                       8.21 kB │ gzip:   1.94 kB
../tmp/build-remediation-20261005-lote06/assets/admin-actividad-CkFyyufi.css             9.20 kB │ gzip:   1.61 kB
../tmp/build-remediation-20261005-lote06/assets/home-uwFPzjIP.css                       11.54 kB │ gzip:   2.20 kB
../tmp/build-remediation-20261005-lote06/assets/politica-privacidad-C5eYAaq6.css        11.63 kB │ gzip:   2.36 kB
../tmp/build-remediation-20261005-lote06/assets/admin-facturacion-BwsCgQ6K.css          11.94 kB │ gzip:   2.13 kB
../tmp/build-remediation-20261005-lote06/assets/admin-noticias-D2eDvJx-.css             12.14 kB │ gzip:   2.24 kB
../tmp/build-remediation-20261005-lote06/assets/admin-resumen-CaVK-rdb.css              15.64 kB │ gzip:   2.65 kB
../tmp/build-remediation-20261005-lote06/assets/admin-usuarios-7JT2_HhP.css             24.28 kB │ gzip:   3.64 kB
../tmp/build-remediation-20261005-lote06/assets/portal-dashboard-B21MXjzC.css           29.37 kB │ gzip:   4.05 kB
../tmp/build-remediation-20261005-lote06/assets/app-Ca_bIhMp.css                       303.56 kB │ gzip:  42.70 kB
../tmp/build-remediation-20261005-lote06/assets/constants-DfqkunPD.js                    0.12 kB │ gzip:   0.12 kB
../tmp/build-remediation-20261005-lote06/assets/docs-D5NeMwSD.js                         0.36 kB │ gzip:   0.29 kB
../tmp/build-remediation-20261005-lote06/assets/user-management.service-29ASet_L.js      0.40 kB │ gzip:   0.22 kB
../tmp/build-remediation-20261005-lote06/assets/validation-BMIgsvsW.js                   0.43 kB │ gzip:   0.21 kB
../tmp/build-remediation-20261005-lote06/assets/address.service-SMjqt_MS.js              0.66 kB │ gzip:   0.25 kB
../tmp/build-remediation-20261005-lote06/assets/meter.service-CVcYjnuc.js                0.68 kB │ gzip:   0.25 kB
../tmp/build-remediation-20261005-lote06/assets/person.service-C_a3ni5s.js               0.68 kB │ gzip:   0.25 kB
../tmp/build-remediation-20261005-lote06/assets/invoice.service-BjxE25wf.js              0.68 kB │ gzip:   0.25 kB
../tmp/build-remediation-20261005-lote06/assets/date-format-CtnLxPXO.js                  0.69 kB │ gzip:   0.39 kB
../tmp/build-remediation-20261005-lote06/assets/admin-portal-BrfiVBzZ.js                 0.70 kB │ gzip:   0.46 kB
../tmp/build-remediation-20261005-lote06/assets/entities-C61vMipN.js                     0.71 kB │ gzip:   0.42 kB
../tmp/build-remediation-20261005-lote06/assets/error-BM8Yr28l.js                        1.14 kB │ gzip:   0.58 kB
../tmp/build-remediation-20261005-lote06/assets/alert.service-BT3XrUpj.js                1.43 kB │ gzip:   0.70 kB
../tmp/build-remediation-20261005-lote06/assets/activate-D-UAHql7.js                     1.53 kB │ gzip:   0.82 kB
../tmp/build-remediation-20261005-lote06/assets/address-details-DStflAOZ.js              2.74 kB │ gzip:   1.09 kB
../tmp/build-remediation-20261005-lote06/assets/meter-details-BdZ_GZnC.js                2.76 kB │ gzip:   1.11 kB
../tmp/build-remediation-20261005-lote06/assets/data-utils.service-DsPwvgfh.js           2.96 kB │ gzip:   1.51 kB
../tmp/build-remediation-20261005-lote06/assets/reset-password-init-D9ajqnpX.js          3.07 kB │ gzip:   1.17 kB
../tmp/build-remediation-20261005-lote06/assets/person-details-CrJyOtL0.js               3.21 kB │ gzip:   1.23 kB
../tmp/build-remediation-20261005-lote06/assets/user-management-view-B_9X8pGM.js         3.48 kB │ gzip:   1.26 kB
../tmp/build-remediation-20261005-lote06/assets/centro-noticias-BU1PPY1W.js              3.99 kB │ gzip:   1.87 kB
../tmp/build-remediation-20261005-lote06/assets/reset-password-finish-Ds54Y4Nr.js        5.18 kB │ gzip:   1.64 kB
../tmp/build-remediation-20261005-lote06/assets/invoice-details-nefSTXvH.js              5.19 kB │ gzip:   1.97 kB
../tmp/build-remediation-20261005-lote06/assets/change-password-Duvr3EE4.js              5.52 kB │ gzip:   1.50 kB
../tmp/build-remediation-20261005-lote06/assets/login-CCyZU6B9.js                        5.53 kB │ gzip:   2.26 kB
../tmp/build-remediation-20261005-lote06/assets/admin-actividad-PEBTCyA_.js              5.58 kB │ gzip:   2.45 kB
../tmp/build-remediation-20261005-lote06/assets/invoice-payment-result-DEh5uiP-.js       5.86 kB │ gzip:   2.00 kB
../tmp/build-remediation-20261005-lote06/assets/address-yZuIWcYt.js                      5.88 kB │ gzip:   2.01 kB
../tmp/build-remediation-20261005-lote06/assets/address-update-C85n4gzl.js               6.49 kB │ gzip:   2.01 kB
../tmp/build-remediation-20261005-lote06/assets/settings-OtSJGgsp.js                     6.82 kB │ gzip:   1.87 kB
../tmp/build-remediation-20261005-lote06/assets/admin-resumen-QmsIzFsm.js                6.90 kB │ gzip:   2.85 kB
../tmp/build-remediation-20261005-lote06/assets/meter-FXYt_rbd.js                        7.21 kB │ gzip:   2.62 kB
../tmp/build-remediation-20261005-lote06/assets/home-C_Vl_j6k.js                         7.32 kB │ gzip:   2.80 kB
../tmp/build-remediation-20261005-lote06/assets/person-update-Ccm1yqY_.js                7.73 kB │ gzip:   2.52 kB
../tmp/build-remediation-20261005-lote06/assets/admin-noticias-4bGVM4XS.js               8.05 kB │ gzip:   3.16 kB
../tmp/build-remediation-20261005-lote06/assets/invoice-BI2B0XxJ.js                      8.12 kB │ gzip:   2.68 kB
../tmp/build-remediation-20261005-lote06/assets/person-DXX-3-ZX.js                       8.50 kB │ gzip:   2.78 kB
../tmp/build-remediation-20261005-lote06/assets/user-management-CTvxRFkD.js              8.91 kB │ gzip:   2.83 kB
../tmp/build-remediation-20261005-lote06/assets/admin-panel-5RDuOUxY.js                  8.92 kB │ gzip:   2.71 kB
../tmp/build-remediation-20261005-lote06/assets/pagos-CNB70Pq1.js                        8.92 kB │ gzip:   3.14 kB
../tmp/build-remediation-20261005-lote06/assets/register-B9SpMLxf.js                     9.42 kB │ gzip:   2.28 kB
../tmp/build-remediation-20261005-lote06/assets/user-management-edit-JRe1Rsu6.js         9.51 kB │ gzip:   2.87 kB
../tmp/build-remediation-20261005-lote06/assets/admin-facturacion-DFGIg2mf.js           10.36 kB │ gzip:   3.82 kB
../tmp/build-remediation-20261005-lote06/assets/es-B7hO-gfJ.js                          14.09 kB │ gzip:   4.82 kB
../tmp/build-remediation-20261005-lote06/assets/index-cQIopFeC.js                       15.88 kB │ gzip:   5.60 kB
../tmp/build-remediation-20261005-lote06/assets/admin-usuarios-BE6OWIqx.js              21.59 kB │ gzip:   7.00 kB
../tmp/build-remediation-20261005-lote06/assets/politica-privacidad-BYk50_Nv.js         30.79 kB │ gzip:   7.70 kB
../tmp/build-remediation-20261005-lote06/assets/portal-dashboard-CMH9XhFs.js            30.89 kB │ gzip:   9.60 kB
../tmp/build-remediation-20261005-lote06/assets/app-D-e4zkXe.js                        926.88 kB │ gzip: 302.24 kB

(!) Some chunks are larger than 500 kB after minification. Consider:
- Using dynamic import() to code-split the application
- Use build.rollupOptions.output.manualChunks to improve chunking: https://rollupjs.org/configuration-options/#output-manualchunks
- Adjust chunk size limit for this warning via build.chunkSizeWarningLimit.
✓ built in 27.97s
