
 RUN  v3.0.9 C:/Users/macab/Desktop/WATSOLUTION/watsolution_web/client/src

 ✓ app/entities/meter/meter.service.spec.ts (12 tests) 15ms
 ✓ app/entities/invoice/invoice.service.spec.ts (12 tests) 17ms
 ✓ app/shared/alert/alert.service.spec.ts (6 tests) 13ms
 ✓ app/entities/person/person.service.spec.ts (12 tests) 12ms
 ✓ app/entities/meter/meter-update.component.spec.ts (6 tests) 117ms
 ✓ app/entities/invoice/invoice-update.component.spec.ts (6 tests) 148ms
 ✓ app/entities/invoice/invoice.component.spec.ts (7 tests) 100ms
 ✓ app/entities/person/person-update.component.spec.ts (6 tests) 113ms
 ✓ app/entities/address/address.service.spec.ts (12 tests) 10ms
 ✓ app/account/register/register.component.spec.ts (6 tests) 67ms
12:39:15 a. m. [vite] (client) warning: <span> cannot be child of <table>, according to HTML specifications. This can cause hydration errors or potentially disrupt future functionality.
108|            </tr>
109|          </tbody>
110|          <span ref="infiniteScrollEl"></span>
   |          ^^^^^^^^^^^^^^^^^^^^^^^^^^^^^^^^^^^^
111|        </table>
112|      </div>
  Plugin: vite:vue
  File: C:/Users/macab/Desktop/WATSOLUTION/watsolution_web/client/src/app/entities/person/person.vue
 ✓ app/admin/user-management/user-management-edit.component.spec.ts (4 tests) 63ms
 ✓ app/entities/person/person.component.spec.ts (6 tests) 73ms
12:39:16 a. m. [vite] (client) warning: <span> cannot be child of <table>, according to HTML specifications. This can cause hydration errors or potentially disrupt future functionality.
107|            </tr>
108|          </tbody>
109|          <span ref="infiniteScrollEl"></span>
   |          ^^^^^^^^^^^^^^^^^^^^^^^^^^^^^^^^^^^^
110|        </table>
111|      </div>
  Plugin: vite:vue
  File: C:/Users/macab/Desktop/WATSOLUTION/watsolution_web/client/src/app/entities/meter/meter.vue
 ✓ app/entities/meter/meter.component.spec.ts (6 tests) 62ms
 ✓ app/entities/address/address-update.component.spec.ts (4 tests) 57ms
 ✓ app/account/account.service.spec.ts (7 tests) 19ms
 ✓ app/account/login-form/login-form.component.spec.ts (3 tests) 31ms
 ✓ app/shared/data/data-utils.service.spec.ts (14 tests) 9ms
Browserslist: browsers data (caniuse-lite) is 6 months old. Please run:
  npx update-browserslist-db@latest
  Why you should do it regularly: https://github.com/browserslist/update-db#readme
stderr | app/core/jhi-navbar/jhi-navbar.component.spec.ts > JhiNavbar > should not have user data set
[Vue warn]: Failed to resolve component: b-dropdown-divider
If this is a native custom element, make sure to exclude it from component resolution via compilerOptions.isCustomElement. 
  at <JhiNavbar ref="VTU_COMPONENT" > 
  at <VTUROOT>

stderr | app/core/jhi-navbar/jhi-navbar.component.spec.ts > JhiNavbar > should not have user data set
[Vue warn]: Failed to resolve component: b-dropdown-divider
If this is a native custom element, make sure to exclude it from component resolution via compilerOptions.isCustomElement. 
  at <JhiNavbar ref="VTU_COMPONENT" > 
  at <VTUROOT>

stderr | app/core/jhi-navbar/jhi-navbar.component.spec.ts > JhiNavbar > should have user data set after authentication
[Vue warn]: Failed to resolve component: b-dropdown-divider
If this is a native custom element, make sure to exclude it from component resolution via compilerOptions.isCustomElement. 
  at <JhiNavbar ref="VTU_COMPONENT" > 
  at <VTUROOT>

stderr | app/core/jhi-navbar/jhi-navbar.component.spec.ts > JhiNavbar > should have user data set after authentication
[Vue warn]: Failed to resolve component: b-dropdown-divider
If this is a native custom element, make sure to exclude it from component resolution via compilerOptions.isCustomElement. 
  at <JhiNavbar ref="VTU_COMPONENT" > 
  at <VTUROOT>

stderr | app/core/jhi-navbar/jhi-navbar.component.spec.ts > JhiNavbar > should have user data set after authentication
[Vue warn]: Failed to resolve component: b-dropdown-divider
If this is a native custom element, make sure to exclude it from component resolution via compilerOptions.isCustomElement. 
  at <JhiNavbar ref="VTU_COMPONENT" > 
  at <VTUROOT>
[Vue warn]: Failed to resolve component: b-dropdown-divider
If this is a native custom element, make sure to exclude it from component resolution via compilerOptions.isCustomElement. 
  at <JhiNavbar ref="VTU_COMPONENT" > 
  at <VTUROOT>

stderr | app/core/jhi-navbar/jhi-navbar.component.spec.ts > JhiNavbar > should have profile info set after info retrieved
[Vue warn]: Failed to resolve component: b-dropdown-divider
If this is a native custom element, make sure to exclude it from component resolution via compilerOptions.isCustomElement. 
  at <JhiNavbar ref="VTU_COMPONENT" > 
  at <VTUROOT>

stderr | app/core/jhi-navbar/jhi-navbar.component.spec.ts > JhiNavbar > should have profile info set after info retrieved
[Vue warn]: Failed to resolve component: b-dropdown-divider
If this is a native custom element, make sure to exclude it from component resolution via compilerOptions.isCustomElement. 
  at <JhiNavbar ref="VTU_COMPONENT" > 
  at <VTUROOT>

stderr | app/core/jhi-navbar/jhi-navbar.component.spec.ts > JhiNavbar > should use login service
[Vue warn]: Failed to resolve component: b-dropdown-divider
If this is a native custom element, make sure to exclude it from component resolution via compilerOptions.isCustomElement. 
  at <JhiNavbar ref="VTU_COMPONENT" > 
  at <VTUROOT>

stderr | app/core/jhi-navbar/jhi-navbar.component.spec.ts > JhiNavbar > should use login service
[Vue warn]: Failed to resolve component: b-dropdown-divider
If this is a native custom element, make sure to exclude it from component resolution via compilerOptions.isCustomElement. 
  at <JhiNavbar ref="VTU_COMPONENT" > 
  at <VTUROOT>

stderr | app/core/jhi-navbar/jhi-navbar.component.spec.ts > JhiNavbar > should use account service
[Vue warn]: Failed to resolve component: b-dropdown-divider
If this is a native custom element, make sure to exclude it from component resolution via compilerOptions.isCustomElement. 
  at <JhiNavbar ref="VTU_COMPONENT" > 
  at <VTUROOT>

stderr | app/core/jhi-navbar/jhi-navbar.component.spec.ts > JhiNavbar > should use account service
[Vue warn]: Failed to resolve component: b-dropdown-divider
If this is a native custom element, make sure to exclude it from component resolution via compilerOptions.isCustomElement. 
  at <JhiNavbar ref="VTU_COMPONENT" > 
  at <VTUROOT>

stderr | app/core/jhi-navbar/jhi-navbar.component.spec.ts > JhiNavbar > should use account service
[Vue warn]: Failed to resolve component: b-dropdown-divider
If this is a native custom element, make sure to exclude it from component resolution via compilerOptions.isCustomElement. 
  at <JhiNavbar ref="VTU_COMPONENT" > 
  at <VTUROOT>

stderr | app/core/jhi-navbar/jhi-navbar.component.spec.ts > JhiNavbar > logout should clear credentials
[Vue warn]: Failed to resolve component: b-dropdown-divider
If this is a native custom element, make sure to exclude it from component resolution via compilerOptions.isCustomElement. 
  at <JhiNavbar ref="VTU_COMPONENT" > 
  at <VTUROOT>

stderr | app/core/jhi-navbar/jhi-navbar.component.spec.ts > JhiNavbar > logout should clear credentials
[Vue warn]: Failed to resolve component: b-dropdown-divider
If this is a native custom element, make sure to exclude it from component resolution via compilerOptions.isCustomElement. 
  at <JhiNavbar ref="VTU_COMPONENT" > 
  at <VTUROOT>

stderr | app/core/jhi-navbar/jhi-navbar.component.spec.ts > JhiNavbar > logout should clear credentials
[Vue warn]: Failed to resolve component: b-dropdown-divider
If this is a native custom element, make sure to exclude it from component resolution via compilerOptions.isCustomElement. 
  at <JhiNavbar ref="VTU_COMPONENT" > 
  at <VTUROOT>
[Vue warn]: Failed to resolve component: b-dropdown-divider
If this is a native custom element, make sure to exclude it from component resolution via compilerOptions.isCustomElement. 
  at <JhiNavbar ref="VTU_COMPONENT" > 
  at <VTUROOT>
[Vue warn]: Failed to resolve component: b-dropdown-divider
If this is a native custom element, make sure to exclude it from component resolution via compilerOptions.isCustomElement. 
  at <JhiNavbar ref="VTU_COMPONENT" > 
  at <VTUROOT>
[Vue warn]: Failed to resolve component: b-dropdown-divider
If this is a native custom element, make sure to exclude it from component resolution via compilerOptions.isCustomElement. 
  at <JhiNavbar ref="VTU_COMPONENT" > 
  at <VTUROOT>
[Vue warn]: Failed to resolve component: b-dropdown-divider
If this is a native custom element, make sure to exclude it from component resolution via compilerOptions.isCustomElement. 
  at <JhiNavbar ref="VTU_COMPONENT" > 
  at <VTUROOT>
[Vue warn]: Failed to resolve component: b-dropdown-divider
If this is a native custom element, make sure to exclude it from component resolution via compilerOptions.isCustomElement. 
  at <JhiNavbar ref="VTU_COMPONENT" > 
  at <VTUROOT>

stderr | app/core/jhi-navbar/jhi-navbar.component.spec.ts > JhiNavbar > should determine active route
[Vue warn]: Failed to resolve component: b-dropdown-divider
If this is a native custom element, make sure to exclude it from component resolution via compilerOptions.isCustomElement. 
  at <JhiNavbar ref="VTU_COMPONENT" > 
  at <VTUROOT>

stderr | app/core/jhi-navbar/jhi-navbar.component.spec.ts > JhiNavbar > should determine active route
[Vue warn]: Failed to resolve component: b-dropdown-divider
If this is a native custom element, make sure to exclude it from component resolution via compilerOptions.isCustomElement. 
  at <JhiNavbar ref="VTU_COMPONENT" > 
  at <VTUROOT>

stderr | app/core/jhi-navbar/jhi-navbar.component.spec.ts > JhiNavbar > should determine active route
[Vue Router warn]: No match found for location with path "/toto"

stderr | app/core/jhi-navbar/jhi-navbar.component.spec.ts > JhiNavbar > should call translationService when changing language
[Vue Router warn]: No match found for location with path "/toto"
[Vue warn]: Failed to resolve component: b-dropdown-divider
If this is a native custom element, make sure to exclude it from component resolution via compilerOptions.isCustomElement. 
  at <JhiNavbar ref="VTU_COMPONENT" > 
  at <VTUROOT>

stderr | app/core/jhi-navbar/jhi-navbar.component.spec.ts > JhiNavbar > should call translationService when changing language
[Vue warn]: Failed to resolve component: b-dropdown-divider
If this is a native custom element, make sure to exclude it from component resolution via compilerOptions.isCustomElement. 
  at <JhiNavbar ref="VTU_COMPONENT" > 
  at <VTUROOT>

stderr | app/core/jhi-navbar/jhi-navbar.component.spec.ts > JhiNavbar > should check for correct language
[Vue Router warn]: No match found for location with path "/toto"
[Vue warn]: Failed to resolve component: b-dropdown-divider
If this is a native custom element, make sure to exclude it from component resolution via compilerOptions.isCustomElement. 
  at <JhiNavbar ref="VTU_COMPONENT" > 
  at <VTUROOT>

stderr | app/core/jhi-navbar/jhi-navbar.component.spec.ts > JhiNavbar > should check for correct language
[Vue warn]: Failed to resolve component: b-dropdown-divider
If this is a native custom element, make sure to exclude it from component resolution via compilerOptions.isCustomElement. 
  at <JhiNavbar ref="VTU_COMPONENT" > 
  at <VTUROOT>

 ✓ app/core/jhi-navbar/jhi-navbar.component.spec.ts (9 tests) 129ms
 ✓ app/admin/user-management/user-management.component.spec.ts (4 tests) 59ms
 ✓ app/entities/address/address.component.spec.ts (2 tests) 37ms
 ✓ app/account/settings/settings.component.spec.ts (5 tests) 42ms
 ✓ app/core/error/error.component.spec.ts (4 tests) 26ms
 ✓ app/account/change-password/change-password.component.spec.ts (3 tests) 50ms
 ✓ app/entities/address/address-details.component.spec.ts (2 tests) 31ms
 ✓ app/entities/invoice/invoice-details.component.spec.ts (2 tests) 33ms
 ✓ app/entities/person/person-details.component.spec.ts (2 tests) 32ms
 ✓ app/entities/meter/meter-details.component.spec.ts (2 tests) 32ms
 ✓ app/admin/user-management/user-management-view.component.spec.ts (1 test) 24ms
 ✓ app/shared/config/axios-interceptor.spec.ts (4 tests) 18ms
 ✓ app/account/activate/activate.component.spec.ts (2 tests) 24ms
 ✓ app/shared/config/web-session.spec.ts (2 tests) 9ms
 ✓ app/account/reset-password/finish/reset-password-finish.component.spec.ts (2 tests) 29ms
 ✓ app/core/ribbon/ribbon.component.spec.ts (3 tests) 25ms
 ✓ app/account/reset-password/init/reset-password-init.component.spec.ts (2 tests) 29ms
 ✓ app/core/home/home.component.spec.ts (1 test) 39ms
 ✓ app/shared/sort/sorts.spec.ts (1 test) 5ms

 Test Files  36 passed (36)
      Tests  182 passed (182)
   Start at  00:38:58
   Duration  30.79s (transform 1.48s, setup 10.57s, collect 3.98s, tests 1.60s, environment 29.42s, prepare 6.37s)

