
 RUN  v3.0.9 C:/Users/macab/Desktop/WATSOLUTION/watsolution_web/client/src

 ✓ app/shared/alert/alert.service.spec.ts (6 tests) 9ms
3:37:11 a.m. [vite] (client) warning: <span> cannot be child of <table>, according to HTML specifications. This can cause hydration errors or potentially disrupt future functionality.
85 |            </tr>
86 |          </tbody>
87 |          <span ref="infiniteScrollEl"></span>
   |          ^^^^^^^^^^^^^^^^^^^^^^^^^^^^^^^^^^^^
88 |        </table>
89 |      </div>
  Plugin: vite:vue
  File: C:/Users/macab/Desktop/WATSOLUTION/watsolution_web/client/src/app/entities/meter/meter.vue
3:37:11 a.m. [vite] (client) warning: <span> cannot be child of <table>, according to HTML specifications. This can cause hydration errors or potentially disrupt future functionality.
108|            </tr>
109|          </tbody>
110|          <span ref="infiniteScrollEl"></span>
   |          ^^^^^^^^^^^^^^^^^^^^^^^^^^^^^^^^^^^^
111|        </table>
112|      </div>
  Plugin: vite:vue
  File: C:/Users/macab/Desktop/WATSOLUTION/watsolution_web/client/src/app/entities/person/person.vue
 ✓ app/entities/address/address.service.spec.ts (12 tests) 17ms
Browserslist: browsers data (caniuse-lite) is 6 months old. Please run:
  npx update-browserslist-db@latest
  Why you should do it regularly: https://github.com/browserslist/update-db#readme
 ✓ app/entities/person/person.service.spec.ts (12 tests) 21ms
 ✓ app/entities/meter/meter.service.spec.ts (12 tests) 21ms
 ✓ app/entities/invoice/invoice.service.spec.ts (12 tests) 20ms
 ✓ app/account/register/register.component.spec.ts (6 tests) 143ms
 ✓ app/entities/address/address-update.component.spec.ts (4 tests) 148ms
 ✓ app/admin/user-management/user-management-edit.component.spec.ts (4 tests) 160ms
 ✓ app/entities/person/person.component.spec.ts (6 tests) 156ms
 ✓ app/entities/invoice/invoice.component.spec.ts (8 tests) 168ms
 ✓ app/entities/meter/meter.component.spec.ts (7 tests) 167ms
 ✓ app/entities/meter/meter-update.component.spec.ts (6 tests) 205ms
 ✓ app/core/chatbot/chatbot.spec.ts (7 tests) 232ms
 ✓ app/entities/person/person-update.component.spec.ts (6 tests) 234ms
 ✓ app/entities/invoice/invoice-update.component.spec.ts (6 tests) 224ms
 ✓ app/account/account.service.spec.ts (7 tests) 41ms
 ✓ app/account/login-form/login-form.component.spec.ts (3 tests) 53ms
 ✓ app/shared/data/data-utils.service.spec.ts (14 tests) 18ms
 ✓ app/admin/user-management/user-management.component.spec.ts (4 tests) 125ms
 ✓ app/shared/config/store/logout.spec.ts (5 tests) 28ms
 ✓ app/entities/address/address.component.spec.ts (2 tests) 61ms
 ✓ app/core/error/error.component.spec.ts (4 tests) 43ms
 ✓ app/entities/address/address-details.component.spec.ts (2 tests) 57ms
 ✓ app/account/change-password/change-password.component.spec.ts (3 tests) 80ms
 ✓ app/entities/meter/meter-details.component.spec.ts (2 tests) 52ms
 ✓ app/entities/invoice/invoice-details.component.spec.ts (2 tests) 53ms
 ✓ app/admin/user-management/user-management-view.component.spec.ts (1 test) 55ms
 ✓ app/account/settings/settings.component.spec.ts (5 tests) 106ms
 ✓ app/entities/person/person-details.component.spec.ts (2 tests) 63ms
stderr | app/core/jhi-navbar/jhi-navbar.component.spec.ts > JhiNavbar > should not have user data set
[Vue warn]: Failed to resolve component: b-dropdown-divider
If this is a native custom element, make sure to exclude it from component resolution via compilerOptions.isCustomElement. 
  at <JhiNavbar ref="VTU_COMPONENT" > 
  at <VTUROOT>

stderr | app/core/jhi-navbar/jhi-navbar.component.spec.ts > JhiNavbar > should not have user data set
[Vue warn]: Failed to resolve component: b-dropdown-divider
If this is a native custom element, make sure to exclude it from component resolution via compilerOptions.isCustomElement. 
  at <JhiNavbar ref="VTU_COMPONENT" > 
  at <VTUROOT>

stderr | app/core/jhi-navbar/jhi-navbar.component.spec.ts > JhiNavbar > should have user data set after authentication
[Vue warn]: Failed to resolve component: b-dropdown-divider
If this is a native custom element, make sure to exclude it from component resolution via compilerOptions.isCustomElement. 
  at <JhiNavbar ref="VTU_COMPONENT" > 
  at <VTUROOT>

stderr | app/core/jhi-navbar/jhi-navbar.component.spec.ts > JhiNavbar > should have user data set after authentication
[Vue warn]: Failed to resolve component: b-dropdown-divider
If this is a native custom element, make sure to exclude it from component resolution via compilerOptions.isCustomElement. 
  at <JhiNavbar ref="VTU_COMPONENT" > 
  at <VTUROOT>

stderr | app/core/jhi-navbar/jhi-navbar.component.spec.ts > JhiNavbar > should have user data set after authentication
[Vue warn]: Failed to resolve component: b-dropdown-divider
If this is a native custom element, make sure to exclude it from component resolution via compilerOptions.isCustomElement. 
  at <JhiNavbar ref="VTU_COMPONENT" > 
  at <VTUROOT>
[Vue warn]: Failed to resolve component: b-dropdown-divider
If this is a native custom element, make sure to exclude it from component resolution via compilerOptions.isCustomElement. 
  at <JhiNavbar ref="VTU_COMPONENT" > 
  at <VTUROOT>

stderr | app/core/jhi-navbar/jhi-navbar.component.spec.ts > JhiNavbar > should have profile info set after info retrieved
[Vue warn]: Failed to resolve component: b-dropdown-divider
If this is a native custom element, make sure to exclude it from component resolution via compilerOptions.isCustomElement. 
  at <JhiNavbar ref="VTU_COMPONENT" > 
  at <VTUROOT>

stderr | app/core/jhi-navbar/jhi-navbar.component.spec.ts > JhiNavbar > should have profile info set after info retrieved
[Vue warn]: Failed to resolve component: b-dropdown-divider
If this is a native custom element, make sure to exclude it from component resolution via compilerOptions.isCustomElement. 
  at <JhiNavbar ref="VTU_COMPONENT" > 
  at <VTUROOT>

stderr | app/core/jhi-navbar/jhi-navbar.component.spec.ts > JhiNavbar > should use login service
[Vue warn]: Failed to resolve component: b-dropdown-divider
If this is a native custom element, make sure to exclude it from component resolution via compilerOptions.isCustomElement. 
  at <JhiNavbar ref="VTU_COMPONENT" > 
  at <VTUROOT>

stderr | app/core/jhi-navbar/jhi-navbar.component.spec.ts > JhiNavbar > should use login service
[Vue warn]: Failed to resolve component: b-dropdown-divider
If this is a native custom element, make sure to exclude it from component resolution via compilerOptions.isCustomElement. 
  at <JhiNavbar ref="VTU_COMPONENT" > 
  at <VTUROOT>

stderr | app/core/jhi-navbar/jhi-navbar.component.spec.ts > JhiNavbar > should use account service
[Vue warn]: Failed to resolve component: b-dropdown-divider
If this is a native custom element, make sure to exclude it from component resolution via compilerOptions.isCustomElement. 
  at <JhiNavbar ref="VTU_COMPONENT" > 
  at <VTUROOT>

stderr | app/core/jhi-navbar/jhi-navbar.component.spec.ts > JhiNavbar > should use account service
[Vue warn]: Failed to resolve component: b-dropdown-divider
If this is a native custom element, make sure to exclude it from component resolution via compilerOptions.isCustomElement. 
  at <JhiNavbar ref="VTU_COMPONENT" > 
  at <VTUROOT>

stderr | app/core/jhi-navbar/jhi-navbar.component.spec.ts > JhiNavbar > should use account service
[Vue warn]: Failed to resolve component: b-dropdown-divider
If this is a native custom element, make sure to exclude it from component resolution via compilerOptions.isCustomElement. 
  at <JhiNavbar ref="VTU_COMPONENT" > 
  at <VTUROOT>

stderr | app/core/jhi-navbar/jhi-navbar.component.spec.ts > JhiNavbar > logout should clear credentials
[Vue warn]: Failed to resolve component: b-dropdown-divider
If this is a native custom element, make sure to exclude it from component resolution via compilerOptions.isCustomElement. 
  at <JhiNavbar ref="VTU_COMPONENT" > 
  at <VTUROOT>

stderr | app/core/jhi-navbar/jhi-navbar.component.spec.ts > JhiNavbar > logout should clear credentials
[Vue warn]: Failed to resolve component: b-dropdown-divider
If this is a native custom element, make sure to exclude it from component resolution via compilerOptions.isCustomElement. 
  at <JhiNavbar ref="VTU_COMPONENT" > 
  at <VTUROOT>

stderr | app/core/jhi-navbar/jhi-navbar.component.spec.ts > JhiNavbar > logout should clear credentials
[Vue warn]: Failed to resolve component: b-dropdown-divider
If this is a native custom element, make sure to exclude it from component resolution via compilerOptions.isCustomElement. 
  at <JhiNavbar ref="VTU_COMPONENT" > 
  at <VTUROOT>
[Vue warn]: Failed to resolve component: b-dropdown-divider
If this is a native custom element, make sure to exclude it from component resolution via compilerOptions.isCustomElement. 
  at <JhiNavbar ref="VTU_COMPONENT" > 
  at <VTUROOT>
[Vue warn]: Failed to resolve component: b-dropdown-divider
If this is a native custom element, make sure to exclude it from component resolution via compilerOptions.isCustomElement. 
  at <JhiNavbar ref="VTU_COMPONENT" > 
  at <VTUROOT>
[Vue warn]: Failed to resolve component: b-dropdown-divider
If this is a native custom element, make sure to exclude it from component resolution via compilerOptions.isCustomElement. 
  at <JhiNavbar ref="VTU_COMPONENT" > 
  at <VTUROOT>
[Vue warn]: Failed to resolve component: b-dropdown-divider
If this is a native custom element, make sure to exclude it from component resolution via compilerOptions.isCustomElement. 
  at <JhiNavbar ref="VTU_COMPONENT" > 
  at <VTUROOT>
[Vue warn]: Failed to resolve component: b-dropdown-divider
If this is a native custom element, make sure to exclude it from component resolution via compilerOptions.isCustomElement. 
  at <JhiNavbar ref="VTU_COMPONENT" > 
  at <VTUROOT>

stderr | app/core/jhi-navbar/jhi-navbar.component.spec.ts > JhiNavbar > should determine active route
[Vue warn]: Failed to resolve component: b-dropdown-divider
If this is a native custom element, make sure to exclude it from component resolution via compilerOptions.isCustomElement. 
  at <JhiNavbar ref="VTU_COMPONENT" > 
  at <VTUROOT>

stderr | app/core/jhi-navbar/jhi-navbar.component.spec.ts > JhiNavbar > should determine active route
[Vue warn]: Failed to resolve component: b-dropdown-divider
If this is a native custom element, make sure to exclude it from component resolution via compilerOptions.isCustomElement. 
  at <JhiNavbar ref="VTU_COMPONENT" > 
  at <VTUROOT>

stderr | app/core/jhi-navbar/jhi-navbar.component.spec.ts > JhiNavbar > should determine active route
[Vue Router warn]: No match found for location with path "/toto"

stderr | app/core/jhi-navbar/jhi-navbar.component.spec.ts > JhiNavbar > should call translationService when changing language
[Vue Router warn]: No match found for location with path "/toto"
[Vue warn]: Failed to resolve component: b-dropdown-divider
If this is a native custom element, make sure to exclude it from component resolution via compilerOptions.isCustomElement. 
  at <JhiNavbar ref="VTU_COMPONENT" > 
  at <VTUROOT>

stderr | app/core/jhi-navbar/jhi-navbar.component.spec.ts > JhiNavbar > should call translationService when changing language
[Vue warn]: Failed to resolve component: b-dropdown-divider
If this is a native custom element, make sure to exclude it from component resolution via compilerOptions.isCustomElement. 
  at <JhiNavbar ref="VTU_COMPONENT" > 
  at <VTUROOT>

stderr | app/core/jhi-navbar/jhi-navbar.component.spec.ts > JhiNavbar > should check for correct language
[Vue Router warn]: No match found for location with path "/toto"
[Vue warn]: Failed to resolve component: b-dropdown-divider
If this is a native custom element, make sure to exclude it from component resolution via compilerOptions.isCustomElement. 
  at <JhiNavbar ref="VTU_COMPONENT" > 
  at <VTUROOT>

stderr | app/core/jhi-navbar/jhi-navbar.component.spec.ts > JhiNavbar > should check for correct language
[Vue warn]: Failed to resolve component: b-dropdown-divider
If this is a native custom element, make sure to exclude it from component resolution via compilerOptions.isCustomElement. 
  at <JhiNavbar ref="VTU_COMPONENT" > 
  at <VTUROOT>

 ✓ app/core/jhi-navbar/jhi-navbar.component.spec.ts (9 tests) 264ms
 ✓ app/shared/config/axios-interceptor.spec.ts (4 tests) 27ms
 ✓ app/account/activate/activate.component.spec.ts (2 tests) 41ms
 ✓ app/app-session.spec.ts (2 tests) 47ms
 ✓ app/account/reset-password/finish/reset-password-finish.component.spec.ts (2 tests) 43ms
stderr | app/account/account-html.spec.ts > Account names are text (T-012 / WS-011) > does not create HTML elements in settings title
[Vue warn]: Component "i18n-t" has already been registered in target app.
[Vue warn]: Component "I18nT" has already been registered in target app.
[Vue warn]: Component "i18n-n" has already been registered in target app.
[Vue warn]: Component "I18nN" has already been registered in target app.
[Vue warn]: Component "i18n-d" has already been registered in target app.
[Vue warn]: Component "I18nD" has already been registered in target app.
[Vue warn]: Directive "t" has already been registered in target app.

stderr | app/account/account-html.spec.ts > Account names are text (T-012 / WS-011) > does not create HTML elements in password title
[Vue warn]: Component "i18n-t" has already been registered in target app.
[Vue warn]: Component "I18nT" has already been registered in target app.
[Vue warn]: Component "i18n-n" has already been registered in target app.
[Vue warn]: Component "I18nN" has already been registered in target app.
[Vue warn]: Component "i18n-d" has already been registered in target app.
[Vue warn]: Component "I18nD" has already been registered in target app.
[Vue warn]: Directive "t" has already been registered in target app.

 ✓ app/account/account-html.spec.ts (2 tests) 82ms
 ✓ app/shared/config/web-session.spec.ts (2 tests) 14ms
 ✓ app/shared/sort/sorts.spec.ts (1 test) 8ms
 ✓ app/core/home/home.component.spec.ts (1 test) 47ms
 ✓ app/account/reset-password/init/reset-password-init.component.spec.ts (2 tests) 46ms
 ✓ app/core/ribbon/ribbon.component.spec.ts (3 tests) 37ms

 Test Files  40 passed (40)
      Tests  200 passed (200)
   Start at  03:36:57
   Duration  19.68s (transform 9.00s, setup 51.56s, collect 21.89s, tests 3.42s, environment 128.55s, prepare 47.38s)

SonarQube report written to C:\Users\macab\Desktop\WATSOLUTION\watsolution_web\tmp\test-results\TESTS-results-vitest.xml
