PASS server/src/security/postgres-target.spec.ts (6.893 s)
[Nest] 48544  - 05/10/2026, 2:31:10 a. m.     LOG [Config] Actual process.env.BACKEND_ENV value: test
[Nest] 48544  - 05/10/2026, 2:31:10 a. m.     LOG [Config] Standard allowed values are: dev, test or prod
[Nest] 48544  - 05/10/2026, 2:31:10 a. m.     LOG [Config] if you run with a non standard BACKEND_ENV value, remember to add your application-{process.env.BACKEND_ENV}.yml file
PASS server/src/web/rest/session.controller.spec.ts
PASS server/src/service/invoice-pdf-isolation.spec.ts
[Nest] 48544  - 05/10/2026, 2:31:12 a. m.     LOG [Config] Actual process.env.BACKEND_ENV value: test
[Nest] 48544  - 05/10/2026, 2:31:12 a. m.     LOG [Config] Standard allowed values are: dev, test or prod
[Nest] 48544  - 05/10/2026, 2:31:12 a. m.     LOG [Config] if you run with a non standard BACKEND_ENV value, remember to add your application-{process.env.BACKEND_ENV}.yml file
[Nest] 48544  - 05/10/2026, 2:31:13 a. m.     LOG [Config] Actual process.env.BACKEND_ENV value: test
[Nest] 48544  - 05/10/2026, 2:31:13 a. m.     LOG [Config] Standard allowed values are: dev, test or prod
[Nest] 48544  - 05/10/2026, 2:31:13 a. m.     LOG [Config] if you run with a non standard BACKEND_ENV value, remember to add your application-{process.env.BACKEND_ENV}.yml file
PASS server/src/security/security-baseline.spec.ts
PASS server/src/service/portal.service.spec.ts
[Nest] 48544  - 05/10/2026, 2:31:13 a. m.     LOG [Config] Actual process.env.BACKEND_ENV value: test
[Nest] 48544  - 05/10/2026, 2:31:13 a. m.     LOG [Config] Standard allowed values are: dev, test or prod
[Nest] 48544  - 05/10/2026, 2:31:13 a. m.     LOG [Config] if you run with a non standard BACKEND_ENV value, remember to add your application-{process.env.BACKEND_ENV}.yml file
[Nest] 48544  - 05/10/2026, 2:31:13 a. m.     LOG [PortalService] Portal data loaded: invoices=0, consumption=0, status=ACTIVO
[Nest] 48544  - 05/10/2026, 2:31:13 a. m.     LOG [PortalService] Portal data loaded: invoices=0, consumption=0, status=ACTIVO
[Nest] 48544  - 05/10/2026, 2:31:13 a. m.     LOG [PortalService] Portal data loaded: invoices=0, consumption=0, status=ACTIVO
[Nest] 48544  - 05/10/2026, 2:31:14 a. m.     LOG [Config] Actual process.env.BACKEND_ENV value: test
[Nest] 48544  - 05/10/2026, 2:31:14 a. m.     LOG [Config] Standard allowed values are: dev, test or prod
[Nest] 48544  - 05/10/2026, 2:31:14 a. m.     LOG [Config] if you run with a non standard BACKEND_ENV value, remember to add your application-{process.env.BACKEND_ENV}.yml file
PASS server/src/security/passport.jwt.strategy.spec.ts
PASS server/src/service/privacy.spec.ts
PASS server/src/service/bold.service.spec.ts
PASS server/src/service/billing.service.spec.ts
PASS server/src/service/session.service.spec.ts
PASS server/src/service/mobile.service.spec.ts
PASS server/test/admin/management.controller.spec.ts
PASS server/src/domain/base/pagination.entity.spec.ts

Test Suites: 13 passed, 13 total
Tests:       84 passed, 84 total
Snapshots:   0 total
Time:        15.41 s
Ran all test suites.
