[Nest] 6944  - 05/10/2026, 2:27:33 a. m.     LOG [Config] Actual process.env.BACKEND_ENV value: test
[Nest] 6944  - 05/10/2026, 2:27:33 a. m.     LOG [Config] Standard allowed values are: dev, test or prod
[Nest] 6944  - 05/10/2026, 2:27:33 a. m.     LOG [Config] if you run with a non standard BACKEND_ENV value, remember to add your application-{process.env.BACKEND_ENV}.yml file
PASS server/src/web/rest/session.controller.spec.ts (9.814 s)
PASS server/src/service/invoice-pdf-isolation.spec.ts
[Nest] 6944  - 05/10/2026, 2:27:35 a. m.     LOG [Config] Actual process.env.BACKEND_ENV value: test
[Nest] 6944  - 05/10/2026, 2:27:35 a. m.     LOG [Config] Standard allowed values are: dev, test or prod
[Nest] 6944  - 05/10/2026, 2:27:35 a. m.     LOG [Config] if you run with a non standard BACKEND_ENV value, remember to add your application-{process.env.BACKEND_ENV}.yml file
[Nest] 6944  - 05/10/2026, 2:27:36 a. m.     LOG [Config] Actual process.env.BACKEND_ENV value: test
[Nest] 6944  - 05/10/2026, 2:27:36 a. m.     LOG [Config] Standard allowed values are: dev, test or prod
[Nest] 6944  - 05/10/2026, 2:27:36 a. m.     LOG [Config] if you run with a non standard BACKEND_ENV value, remember to add your application-{process.env.BACKEND_ENV}.yml file
[Nest] 6944  - 05/10/2026, 2:27:36 a. m.     LOG [PortalService] Portal data loaded: invoices=0, consumption=0, status=ACTIVO
[Nest] 6944  - 05/10/2026, 2:27:36 a. m.     LOG [PortalService] Portal data loaded: invoices=0, consumption=0, status=ACTIVO
[Nest] 6944  - 05/10/2026, 2:27:36 a. m.     LOG [PortalService] Portal data loaded: invoices=0, consumption=0, status=ACTIVO
PASS server/src/service/portal.service.spec.ts
PASS server/src/security/security-baseline.spec.ts
[Nest] 6944  - 05/10/2026, 2:27:36 a. m.     LOG [Config] Actual process.env.BACKEND_ENV value: test
[Nest] 6944  - 05/10/2026, 2:27:36 a. m.     LOG [Config] Standard allowed values are: dev, test or prod
[Nest] 6944  - 05/10/2026, 2:27:36 a. m.     LOG [Config] if you run with a non standard BACKEND_ENV value, remember to add your application-{process.env.BACKEND_ENV}.yml file
PASS server/src/service/privacy.spec.ts
[Nest] 6944  - 05/10/2026, 2:27:37 a. m.     LOG [Config] Actual process.env.BACKEND_ENV value: test
[Nest] 6944  - 05/10/2026, 2:27:37 a. m.     LOG [Config] Standard allowed values are: dev, test or prod
[Nest] 6944  - 05/10/2026, 2:27:37 a. m.     LOG [Config] if you run with a non standard BACKEND_ENV value, remember to add your application-{process.env.BACKEND_ENV}.yml file
PASS server/src/security/passport.jwt.strategy.spec.ts
PASS server/src/service/bold.service.spec.ts
PASS server/src/service/mobile.service.spec.ts
PASS server/src/service/billing.service.spec.ts
PASS server/test/admin/management.controller.spec.ts
PASS server/src/service/session.service.spec.ts
PASS server/src/domain/base/pagination.entity.spec.ts

Test Suites: 12 passed, 12 total
Tests:       73 passed, 73 total
Snapshots:   0 total
Time:        14.144 s, estimated 22 s
Ran all test suites.
